// Jest Snapshot v1, https://goo.gl/fbAQLP

exports[`Home Snapshot 1`] = `null`;

exports[`Home Snapshot should render 1`] = `null`;

exports[`Home should render 1`] = `null`;

exports[`Name of the group 1 should render 1`] = `null`;

exports[`Snapshot 1 1`] = `null`;

exports[`Snapshot Home Snapshot 1`] = `null`;
